[mamiguide.com/award/index.html]
[backblue.gif]
[fade.gif]
[index.html]
[mamiguide.com/wp-content/plugins/quick-adsense-reloaded/includes/gutenberg/dist/blocks.style.builda3b1.css]
[mamiguide.com/wp-content/plugins/chaty/css/chaty-front.min23e6.css]
[mamiguide.com/wp-content/plugins/contact-form-7/includes/css/styles37ad.css]
[mamiguide.com/wp-content/plugins/deposits-partial-payments-for-woocommerce-pro/assets/css/frontend583f.css]
[mamiguide.com/wp-content/plugins/listeo-core/assets/css/frontend727b.css]
[www.google.com/index.html]
[mamiguide.com/wp-content/plugins/listeo-core/assets/css/fullcalendar.min5152.css]
[mamiguide.com/wp-content/plugins/tutor/assets/css/tutor-icon.min5b75.css]
[mamiguide.com/wp-content/plugins/tutor/assets/css/tutor.min5b75.css]
[mamiguide.com/wp-content/plugins/tutor/assets/css/tutor-front.min5b75.css]
[mamiguide.com/wp-content/plugins/url-shortify-premium/lite/dist/styles/url-shortify95a1.css]
[fonts.googleapis.com/index.html]
[mamiguide.com/comments/feed/index.html]
[mamiguide.com/wp-content/plugins/easy-woocommerce-discounts-pro/public/css/wccs-public.min9704.css]
[mamiguide.com/wp-content/themes/listeo/css/bootstrap-grid9704.css]
[mamiguide.com/feed/index.html]
[mamiguide.com/wp-content/themes/listeo/css/all9704.css]
[mamiguide.com/wp-content/themes/listeo/css/v4-shims.min9704.css]
[mamiguide.com/wp-content/themes/listeo/css/simple-line-icons9704.css]
[mamiguide.com/wp-content/themes/listeo/css/woocommerce.min9704.css]
[mamiguide.com/wp-content/themes/listeo/style9704.css]
[mamiguide.com/wp-content/themes/listeo-child/style77ae.css]
[mamiguide.com/wp-content/plugins/elementor/assets/css/frontend.min18be.css]
[mamiguide.com/wp-content/plugins/elementor/assets/css/widget-image.min18be.css]
[mamiguide.com/wp-content/plugins/elementor-pro/assets/css/widget-nav-menu.min3e3b.css]
[mamiguide.com/wp-content/plugins/elementor/assets/css/widget-text-editor.min18be.css]
[mamiguide.com/wp-content/plugins/elementor/assets/css/widget-social-icons.min18be.css]
[mamiguide.com/wp-content/plugins/elementor/assets/css/conditionals/apple-webkit.min18be.css]
[mamiguide.com/wp-content/plugins/elementor/assets/css/widget-icon-list.min18be.css]
[mamiguide.com/wp-content/plugins/elementor-pro/assets/css/widget-posts.min3e3b.css]
[mamiguide.com/wp-content/plugins/elementor/assets/lib/eicons/css/elementor-icons.min444a.css]
[mamiguide.com/wp-content/plugins/elementor/assets/lib/swiper/v8/css/swiper.min94a4.css]
[mamiguide.com/wp-content/plugins/elementor/assets/css/conditionals/e-swiper.min18be.css]
[mamiguide.com/wp-content/uploads/elementor/css/post-135691e8.css]
[mamiguide.com/wp-content/plugins/elementor-pro/assets/css/conditionals/popup.min3e3b.css]
[mamiguide.com/wp-content/plugins/elementor/assets/lib/animations/styles/fadeIn.min18be.css]
[mamiguide.com/wp-content/plugins/elementor/assets/lib/animations/styles/fadeInUp.min18be.css]
[mamiguide.com/wp-content/uploads/elementor/css/post-333363499.css]
[mamiguide.com/wp-content/uploads/elementor/css/post-434103ee.css]
[mamiguide.com/wp-content/uploads/elementor/css/post-1904385d0.css]
[mamiguide.com/wp-content/plugins/simple-tags/assets/frontend/css/frontend1b64.css]
[mamiguide.com/wp-content/plugins/easy-notification-bar/assets/css/frontf24c.css]
[mamiguide.com/wp-content/plugins/elementor/assets/lib/font-awesome/css/fontawesome.min52d5.css]
[mamiguide.com/wp-content/plugins/elementor/assets/lib/font-awesome/css/solid.min52d5.css]
[mamiguide.com/wp-content/plugins/elementor/assets/lib/font-awesome/css/brands.min52d5.css]
[mamiguide.com/wp-content/plugins/elementor/assets/lib/font-awesome/css/regular.min52d5.css]
[mamiguide.com/wp-includes/js/jquery/jquery.minf43b.js]
[mamiguide.com/wp-includes/js/jquery/jquery-migrate.min5589.js]
[mamiguide.com/wp-content/plugins/listeo-core/assets/js/leaflet9704.js]
[mamiguide.com/wp-content/plugins/listeo-core/assets/js/leaflet-googlemutant727b.js]
[mamiguide.com/wp-content/plugins/listeo-core/assets/js/control.geocoder727b.js]
[mamiguide.com/wp-content/plugins/listeo-core/assets/js/leaflet.markercluster727b.js]
[mamiguide.com/wp-content/plugins/listeo-core/assets/js/leaflet-gesture-handling.min727b.js]
[mamiguide.com/wp-content/plugins/listeo-core/assets/js/listeo.leaflet727b.js]
[www.google.com/recaptcha/api9704.js]
[mamiguide.com/wp-content/plugins/listeo-core/assets/js/pwstrength-bootstrap.min727b.js]
[mamiguide.com/wp-content/plugins/listeo-core/assets/js/frontend727b.js]
[mamiguide.com/wp-content/plugins/listeo-core/assets/js/bookings727b.js]
[mamiguide.com/wp-content/plugins/woocommerce/assets/js/jquery-blockui/jquery.blockUI.min6fb9.js]
[mamiguide.com/wp-content/plugins/woocommerce/assets/js/js-cookie/js.cookie.mine74b.js]
[mamiguide.com/wp-content/plugins/woocommerce/assets/js/frontend/woocommerce.minceb1.js]
[mamiguide.com/wp-content/plugins/url-shortify-premium/lite/dist/scripts/url-shortify95a1.js]
[mamiguide.com/wp-content/themes/listeo/js/select2.min77ae.js]
[mamiguide.com/wp-content/themes/listeo/js/counterup.min77ae.js]
[mamiguide.com/wp-content/themes/listeo/js/datedropper77ae.js]
[mamiguide.com/wp-content/themes/listeo/js/dropzone77ae.js]
[mamiguide.com/wp-content/themes/listeo/js/magnific-popup.min77ae.js]
[mamiguide.com/wp-content/themes/listeo/js/slick.min77ae.js]
[mamiguide.com/wp-content/themes/listeo/js/quantityButtons77ae.js]
[mamiguide.com/wp-content/themes/listeo/js/rangeslider.min77ae.js]
[mamiguide.com/wp-content/themes/listeo/js/timedropper77ae.js]
[mamiguide.com/wp-content/themes/listeo/js/jquery.scrollto77ae.js]
[mamiguide.com/wp-content/themes/listeo/js/tooltips.min77ae.js]
[mamiguide.com/wp-content/themes/listeo/js/waypoints.min77ae.js]
[mamiguide.com/wp-includes/js/dist/vendor/moment.minf799.js]
[mamiguide.com/wp-content/themes/listeo/js/daterangepicker77ae.js]
[mamiguide.com/wp-content/themes/listeo/js/bootstrap-slider.min77ae.js]
[mamiguide.com/wp-content/plugins/elementor-pro/assets/js/page-transitions.min3e3b.js]
[mamiguide.com/wp-content/plugins/simple-tags/assets/frontend/js/frontend1b64.js]
[mamiguide.com/wp-json/wp/v2/pages/33336.json]
[mamiguide.com/wp-json/index.html]
[mamiguide.com/xmlrpc0db0.php]
[mamiguide.com/wp-json/oembed/1.0/embedb84a.json]
[mamiguide.com/wp-json/oembed/1.0/embed2d81]
[tr.line.me/tag9b0c.gif]
[ad.tagtoo.co_443/media/ad/track.js]
[mamiguide.s3.ap-northeast-1.amazonaws.com/wp-content/uploads/2022/03/27071519/mamiguide-favicon-202203-100x100.png]
[mamiguide.s3.ap-northeast-1.amazonaws.com/wp-content/uploads/2022/03/27071519/mamiguide-favicon-202203-200x200.png]
[mamiguide.s3.ap-northeast-1.amazonaws.com/wp-content/uploads/2022/04/23125626/Logo-gold5-1.png]
[mamiguide.s3.ap-northeast-1.amazonaws.com/wp-content/uploads/2024/08/19121021/首頁標頭-01.png]
[mamiguide.s3.ap-northeast-1.amazonaws.com/wp-content/uploads/2024/08/19121031/醫療貢獻-01.png]
[mamiguide.s3.ap-northeast-1.amazonaws.com/wp-content/uploads/2024/08/19121013/產後護理-01.png]
[mamiguide.com/award/about/index.html]
[mamiguide.com/award/judges/index.html]
[mamiguide.com/award/news/index.html]
[mamiguide.s3.ap-northeast-1.amazonaws.com/wp-content/uploads/2024/08/19121011/優質品牌-01.png]
[mamiguide.s3.ap-northeast-1.amazonaws.com/wp-content/uploads/2024/09/02101723/首頁底標-01.png]
[mamiguide.com/og_web/MamiGuidePrivacyPolicy.pdf]
[mamiguide.com/award/contact/index.html]
[mamiguide.com/award/winners/index.html]
[mamiguide.com/award/highlights/index.html]
[mamiguide.com/og_web/sitemap.xml]
[mamiguide.com/wp-content/plugins/unlimited-elements-for-elementor-premium/assets_libraries/font-awesome6/fontawesome-all.min.css]
[mamiguide.com/wp-content/plugins/unlimited-elements-for-elementor-premium/assets_libraries/font-awesome6/fontawesome-v4-shims.min.css]
[mamiguide.com/cdn-cgi/scripts/5c5dd728/cloudflare-static/email-decode.min.js]
[mamiguide.com/wp-content/plugins/woocommerce/assets/client/blocks/wc-blocks7a01.css]
[mamiguide.com/wp-content/plugins/elementor-pro/assets/css/modules/sticky.min3e3b.css]
[mamiguide.com/wp-content/plugins/chaty/js/cht-front-script.min23e6.js]
[mamiguide.com/wp-includes/js/dist/hooks.min4fdd.js]
[mamiguide.com/wp-includes/js/dist/i18n.minc33c.js]
[mamiguide.com/wp-content/plugins/contact-form-7/includes/swv/js/index37ad.js]
[mamiguide.com/wp-content/plugins/contact-form-7/includes/js/index37ad.js]
[mamiguide.com/wp-includes/js/jquery/ui/core.minb37e.js]
[mamiguide.com/wp-includes/js/jquery/ui/menu.minb37e.js]
[mamiguide.com/wp-includes/js/dist/dom-ready.min5346.js]
[mamiguide.com/wp-includes/js/dist/a11y.min3f73.js]
[mamiguide.com/wp-includes/js/jquery/ui/autocomplete.minb37e.js]
[mamiguide.com/wp-includes/js/jquery/ui/mouse.minb37e.js]
[mamiguide.com/wp-includes/js/jquery/ui/sortable.minb37e.js]
[mamiguide.com/wp-content/plugins/listeo-core/assets/js/uploads.min727b.js]
[mamiguide.com/wp-content/plugins/listeo-core/assets/js/ajax.search.min727b.js]
[mamiguide.com/wp-includes/js/dist/vendor/react.mincb06.js]
[mamiguide.com/wp-includes/js/dist/vendor/react-dom.mincb06.js]
[mamiguide.com/wp-includes/js/dist/escape-html.min3a9d.js]
[mamiguide.com/wp-includes/js/dist/element.min1596.js]
[mamiguide.com/wp-content/plugins/tutor/assets/js/tutor.min5b75.js]
[mamiguide.com/wp-includes/js/quicktags.min9704.js]
[mamiguide.com/wp-includes/js/jquery/jquery.ui.touch-punchc682.js]
[mamiguide.com/wp-content/plugins/tutor/assets/lib/SocialShare/SocialShare.min5b75.js]
[mamiguide.com/wp-content/plugins/tutor/assets/js/tutor-front.min5b75.js]
[mamiguide.com/wp-includes/js/jquery/ui/datepicker.minb37e.js]
[mamiguide.com/wp-content/plugins/elementor/assets/lib/flatpickr/flatpickr.mineda1.js]
[mamiguide.com/wp-content/themes/listeo/js/customd172.js]
[mamiguide.com/wp-content/plugins/elementor-pro/assets/lib/instant-page/instant-page.min3e3b.js]
[mamiguide.com/wp-content/plugins/elementor-pro/assets/lib/smartmenus/jquery.smartmenus.min1576.js]
[mamiguide.com/wp-content/plugins/elementor-pro/assets/lib/sticky/jquery.sticky.min3e3b.js]
[mamiguide.com/wp-includes/js/imagesloaded.minbb93.js]
[mamiguide.com/wp-content/plugins/woocommerce/assets/js/sourcebuster/sourcebuster.minceb1.js]
[mamiguide.com/wp-content/plugins/woocommerce/assets/js/frontend/order-attribution.minceb1.js]
[mamiguide.com/wp-content/plugins/deposits-partial-payments-for-woocommerce-pro/assets/js/frontend-min583f.js]
[mamiguide.com/wp-content/plugins/quick-adsense-reloaded/assets/js/adsa3b1.js]
[mamiguide.com/wp-content/plugins/elementor-pro/assets/js/webpack-pro.runtime.min3e3b.js]
[mamiguide.com/wp-content/plugins/elementor/assets/js/webpack.runtime.min18be.js]
[mamiguide.com/wp-content/plugins/elementor/assets/js/frontend-modules.min18be.js]
[mamiguide.com/wp-content/plugins/elementor-pro/assets/js/frontend.min3e3b.js]
[mamiguide.com/wp-content/plugins/elementor/assets/js/frontend.min18be.js]
[mamiguide.com/award/index.html]
[mamiguide.com/wp-content/plugins/elementor-pro/assets/js/elements-handlers.min3e3b.js]
[gmpg.org/xfn/11.html]
[www.google.com/images/branding/googlelogo/1x/googlelogo_white_background_color_272x92dp.png]
[www.google.com/index.html]
[fonts.googleapis.com/index.html]
[mamiguide.com/wp-content/plugins/quick-adsense-reloaded/includes/gutenberg/dist/blocks.style.builda3b1.css]
[mamiguide.com/wp-content/plugins/chaty/images/whatsapp.png]
[mamiguide.com/wp-content/plugins/chaty/images/whatsapp-welcome-popup.png]
[mamiguide.com/wp-content/plugins/chaty/images/header-top.png]
[mamiguide.com/wp-content/plugins/chaty/images/header-bottom.png]
[mamiguide.com/wp-content/plugins/chaty/css/chaty-front.min23e6.css]
[mamiguide.com/wp-content/plugins/contact-form-7/includes/css/styles37ad.css]
[mamiguide.com/wp-content/plugins/deposits-partial-payments-for-woocommerce-pro/assets/css/frontend583f.css]
[mamiguide.com/wp-content/plugins/listeo-core/assets/css/frontend727b.css]
[mamiguide.com/wp-content/plugins/listeo-core/assets/css/fullcalendar.min5152.css]
[mamiguide.com/wp-content/plugins/tutor/assets/css/tutor-icon.min5b75.css]
[mamiguide.com/wp-content/plugins/tutor/assets/css/tutor.min5b75.css]
[mamiguide.com/wp-content/plugins/tutor/assets/css/tutor-front.min5b75.css]
[mamiguide.com/wp-content/plugins/url-shortify-premium/lite/dist/styles/url-shortify95a1.css]
[mamiguide.com/wp-content/plugins/easy-woocommerce-discounts-pro/public/css/wccs-public.min9704.css]
[mamiguide.com/wp-content/themes/listeo/css/bootstrap-grid9704.css]
[mamiguide.com/wp-content/plugins/deposits-partial-payments-for-woocommerce-pro/assets/images/greentik.svg]
[mamiguide.com/wp-content/themes/listeo/fonts/fa-brands-400.svg]
[mamiguide.com/wp-content/themes/listeo/fonts/fa-regular-400.svg]
[mamiguide.com/wp-content/themes/listeo/css/all9704.css]
[mamiguide.com/wp-content/themes/listeo/css/v4-shims.min9704.css]
[mamiguide.com/wp-content/themes/listeo/css/simple-line-icons9704.css]
[mamiguide.com/wp-content/themes/listeo/css/woocommerce.min9704.css]
[mamiguide.com/wp-content/themes/listeo/fonts/fa-solid-900.svg]
[mamiguide.com/wp-content/themes/listeo/images/plus-icon.svg]
[mamiguide.com/wp-content/themes/listeo/fonts/fontello.eot]
[mamiguide.com/wp-content/themes/listeo/fonts/fontello.woff]
[mamiguide.com/wp-content/themes/listeo/fonts/fontello.ttf]
[mamiguide.com/wp-content/themes/listeo/fonts/fontello.svg]
[mamiguide.com/wp-content/images/ajax-loader.gif]
[mamiguide.com/wp-content/themes/listeo/images/slider-arrow-grey.svg]
[mamiguide.com/wp-content/themes/listeo/images/slider-arrow.svg]
[mamiguide.com/wp-content/themes/listeo/style9704.css]
[mamiguide.com/wp-content/themes/listeo-child/style77ae.css]
[fonts.googleapis.com/css1087.css]
[fonts.googleapis.com/css2e54.css]
[mamiguide.com/wp-content/plugins/elementor/assets/css/frontend.min18be.css]
[mamiguide.com/wp-content/plugins/elementor/assets/css/widget-image.min18be.css]
[mamiguide.com/wp-content/plugins/elementor-pro/assets/css/widget-nav-menu.min3e3b.css]
[mamiguide.com/wp-content/plugins/elementor/assets/css/widget-text-editor.min18be.css]
[mamiguide.com/wp-content/plugins/elementor/assets/css/widget-social-icons.min18be.css]
[mamiguide.com/wp-content/plugins/elementor/assets/css/conditionals/apple-webkit.min18be.css]
[mamiguide.com/wp-content/plugins/elementor/assets/css/widget-icon-list.min18be.css]
[mamiguide.com/wp-content/plugins/elementor-pro/assets/css/widget-posts.min3e3b.css]
[mamiguide.com/wp-content/themes/listeo/images/google-reviews-logo.svg]
[mamiguide.com/wp-content/plugins/elementor/assets/lib/eicons/css/elementor-icons.min444a.css]
[mamiguide.com/wp-content/plugins/elementor/assets/lib/swiper/v8/css/swiper.min94a4.css]
[mamiguide.com/wp-content/plugins/elementor/assets/css/conditionals/e-swiper.min18be.css]
[mamiguide.com/wp-content/uploads/elementor/css/post-135691e8.css]
[mamiguide.com/wp-content/plugins/elementor-pro/assets/css/conditionals/popup.min3e3b.css]
[mamiguide.com/wp-content/plugins/elementor/assets/lib/animations/styles/fadeIn.min18be.css]
[mamiguide.com/wp-content/plugins/elementor/assets/lib/animations/styles/fadeInUp.min18be.css]
[mamiguide.com/wp-content/plugins/elementor/assets/lib/eicons/fonts/eiconsbe76.svg]
[mamiguide.s3.ap-northeast-1.amazonaws.com/wp-content/uploads/2023/09/24152426/ruby-background.jpg]
[mamiguide.com/wp-content/uploads/elementor/css/post-333363499.css]
[mamiguide.com/wp-content/uploads/elementor/css/post-434103ee.css]
[mamiguide.com/wp-content/uploads/elementor/css/post-1904385d0.css]
[mamiguide.com/wp-content/plugins/simple-tags/assets/frontend/css/frontend1b64.css]
[mamiguide.com/wp-content/plugins/easy-notification-bar/assets/css/frontf24c.css]
[fonts.googleapis.com/css6259.css]
[mamiguide.com/wp-content/plugins/elementor/assets/lib/font-awesome/css/fontawesome.min52d5.css]
[mamiguide.com/wp-content/plugins/elementor/assets/lib/font-awesome/css/solid.min52d5.css]
[mamiguide.com/wp-content/plugins/elementor/assets/lib/font-awesome/webfonts/fa-solid-900.svg]
[mamiguide.com/wp-content/plugins/elementor/assets/lib/font-awesome/css/brands.min52d5.css]
[mamiguide.com/wp-content/plugins/elementor/assets/lib/font-awesome/webfonts/fa-brands-400.svg]
[mamiguide.com/wp-content/plugins/elementor/assets/lib/font-awesome/css/regular.min52d5.css]
[mamiguide.com/wp-content/plugins/elementor/assets/lib/font-awesome/webfonts/fa-regular-400.svg]
[fonts.gstatic.com/index.html]
[www.googletagmanager.com/gtm5445.html]
[mamiguide.com/wp-content/plugins/elementor/assets/css/widget-heading.min18be.css]
[mamiguide.com/wp-content/plugins/elementor/assets/css/widget-video.min18be.css]
[mamiguide.com/wp-content/uploads/elementor/css/post-340292780.css]
[mamiguide.com/wp-json/wp/v2/pages/34029.json]
[mamiguide.com/wp-json/oembed/1.0/embedf610.json]
[mamiguide.com/wp-json/oembed/1.0/embedb8d4]
[mamiguide.s3.ap-northeast-1.amazonaws.com/wp-content/uploads/2023/10/22211437/金孕獎圖獎牌-1024x559.jpg]
[mamiguide.s3.ap-northeast-1.amazonaws.com/wp-content/uploads/2023/10/22214540/2023金孕獎.png]
[mamiguide.s3.ap-northeast-1.amazonaws.com/wp-content/uploads/2023/10/22213719/關於金孕獎圖3-1.png]
[mamiguide.s3.ap-northeast-1.amazonaws.com/wp-content/uploads/2023/09/24160633/award02-1.jpg]
[mamiguide.s3.ap-northeast-1.amazonaws.com/wp-content/uploads/2023/10/22215336/金孕獎協辦單位1.png]
[mamiguide.s3.ap-northeast-1.amazonaws.com/wp-content/uploads/2023/10/22215331/金孕獎協辦單位2-1024x176.png]
[mamiguide.s3.ap-northeast-1.amazonaws.com/wp-content/uploads/2023/10/22215334/贊助單位.png]
[mamiguide.s3.ap-northeast-1.amazonaws.com/wp-content/uploads/2024/08/19121018/logo_北商大.png]
[mamiguide.s3.ap-northeast-1.amazonaws.com/wp-content/uploads/2024/08/19121033/logo_護理助產及婦女健康系.png]
[mamiguide.s3.ap-northeast-1.amazonaws.com/wp-content/uploads/2024/09/02101129/logo_台灣行銷科學學會.png]
[mamiguide.s3.ap-northeast-1.amazonaws.com/wp-content/uploads/2023/10/22215331/金孕獎協辦單位2-768x132.png]
[mamiguide.com/award/about/index.html]
[mamiguide.com/wp-content/plugins/elementor/assets/lib/animations/styles/fadeInLeft.min18be.css]
[mamiguide.com/wp-content/plugins/elementor/assets/css/widget-icon-box.min18be.css]
[mamiguide.com/wp-content/plugins/elementor/assets/lib/animations/styles/fadeInRight.min18be.css]
[mamiguide.com/wp-content/uploads/elementor/css/post-340485a9a.css]
[mamiguide.com/wp-json/wp/v2/pages/34048.json]
[mamiguide.com/wp-json/oembed/1.0/embedc1e1.json]
[mamiguide.com/wp-json/oembed/1.0/embed93fb]
[mamiguide.s3.ap-northeast-1.amazonaws.com/wp-content/uploads/2024/09/02181902/投影片24-1024x576.png]
[mamiguide.s3.ap-northeast-1.amazonaws.com/wp-content/uploads/2024/09/02103643/陳持平-馬偕醫院-副院長.jpg]
[mamiguide.s3.ap-northeast-1.amazonaws.com/wp-content/uploads/2024/09/02103931/連心瑜-教授-長庚大學.jpg]
[mamiguide.s3.ap-northeast-1.amazonaws.com/wp-content/uploads/2024/09/02104002/張家銘-長庚醫院副院長.jpg]
[mamiguide.s3.ap-northeast-1.amazonaws.com/wp-content/uploads/2024/09/02104034/黃偉-兩岸大健康-產業顧問.jpg]
[mamiguide.s3.ap-northeast-1.amazonaws.com/wp-content/uploads/2024/09/02104100/周雅螢-資深護理長.jpg]
[mamiguide.s3.ap-northeast-1.amazonaws.com/wp-content/uploads/2024/09/02104135/孫保瑞-百家產業博士顧問.jpg]
[mamiguide.s3.ap-northeast-1.amazonaws.com/wp-content/uploads/2024/09/02104152/許瓊月-資深營養師.jpg]
[mamiguide.s3.ap-northeast-1.amazonaws.com/wp-content/uploads/2023/10/23065528/王華瑞顧問-01.jpg]
[mamiguide.s3.ap-northeast-1.amazonaws.com/wp-content/uploads/2023/10/23065546/龔瑞林教授-01.jpg]
[mamiguide.s3.ap-northeast-1.amazonaws.com/wp-content/uploads/2023/10/23065539/黃景龍-名廚-01.jpg]
[mamiguide.s3.ap-northeast-1.amazonaws.com/wp-content/uploads/2023/10/23065530/邱蕙玲-產後資深護理師-01.jpg]
[mamiguide.s3.ap-northeast-1.amazonaws.com/wp-content/uploads/2023/10/23065542/黃瑞傑-博士-01.jpg]
[mamiguide.s3.ap-northeast-1.amazonaws.com/wp-content/uploads/2023/10/23065538/黃正昌-顧問-01.jpg]
[mamiguide.s3.ap-northeast-1.amazonaws.com/wp-content/uploads/2023/10/23065535/陳怡婷-顧問-01.jpg]
[mamiguide.s3.ap-northeast-1.amazonaws.com/wp-content/uploads/2023/10/23065532/張旭華-博士-01.jpg]
[mamiguide.s3.ap-northeast-1.amazonaws.com/wp-content/uploads/2023/10/23065544/護理助產及婦女健康系.jpg]
[mamiguide.s3.ap-northeast-1.amazonaws.com/wp-content/uploads/2023/10/25193754/img-award.jpg]
[mamiguide.s3.ap-northeast-1.amazonaws.com/wp-content/uploads/2024/09/02102542/新增置入流程說明圖-1024x405.png]
[mamiguide.s3.ap-northeast-1.amazonaws.com/wp-content/uploads/2024/09/02101723/首頁底標-01-1024x205.png]
[mamiguide.com/award/judges/index.html]
[mamiguide.com/wp-content/uploads/elementor/css/post-340779df3.css]
[mamiguide.com/wp-json/wp/v2/pages/34077.json]
[mamiguide.com/wp-json/oembed/1.0/embed7d0b.json]
[mamiguide.com/wp-json/oembed/1.0/embed49b6]
[mamiguide.s3.ap-northeast-1.amazonaws.com/wp-content/uploads/2024/08/19121004/招商說明AD-640x1024.png]
[mamiguide.s3.ap-northeast-1.amazonaws.com/wp-content/uploads/2023/10/23072441/金孕獎-news-2023-09-20--1024x1024.jpg]
[mamiguide.s3.ap-northeast-1.amazonaws.com/wp-content/uploads/2023/10/23071424/金孕獎-news-2023-06-16--1024x1024.jpg]
[mamiguide.com/award/news/index.html]
[mamiguide.com/wp-content/uploads/elementor/css/post-34102110d.css]
[mamiguide.com/award/【2023金孕寶寶票選人氣大賞】限時報名中/index.html]
[mamiguide.com/award/【填問卷抽好禮】2023-孕媽咪懷孕選擇大調查！/index.html]
[mamiguide.com/wp-json/wp/v2/pages/34102.json]
[mamiguide.com/wp-json/oembed/1.0/embedd502.json]
[mamiguide.com/wp-json/oembed/1.0/embed3937]
[mamiguide.s3.ap-northeast-1.amazonaws.com/wp-content/uploads/2023/10/23075905/愛兒家產後護理之家.jpg]
[mamiguide.s3.ap-northeast-1.amazonaws.com/wp-content/uploads/2023/10/23075903/國泰台北會館產後護理之家.jpg]
[mamiguide.s3.ap-northeast-1.amazonaws.com/wp-content/uploads/2023/10/23075901/汭恩產後護理之家.jpg]
[mamiguide.s3.ap-northeast-1.amazonaws.com/wp-content/uploads/2023/10/23075859/孕學林產後護理之家.jpg]
[mamiguide.s3.ap-northeast-1.amazonaws.com/wp-content/uploads/2023/10/23102049/壹壹產後護理之家.jpg]
[mamiguide.s3.ap-northeast-1.amazonaws.com/wp-content/uploads/2023/10/23102047/后愛產後護理之家.jpg]
[mamiguide.s3.ap-northeast-1.amazonaws.com/wp-content/uploads/2023/10/23102045/新禾產後護理之家.jpg]
[mamiguide.s3.ap-northeast-1.amazonaws.com/wp-content/uploads/2023/10/23102043/馥悅產後護理之家.jpg]
[mamiguide.s3.ap-northeast-1.amazonaws.com/wp-content/uploads/2023/10/23102635/艾爾維爾國際產後護理之家.jpg]
[mamiguide.s3.ap-northeast-1.amazonaws.com/wp-content/uploads/2023/10/23102633/禮悦產後護理之家.jpg]
[mamiguide.s3.ap-northeast-1.amazonaws.com/wp-content/uploads/2023/10/23102631/臻之月產後護理之家.jpg]
[mamiguide.s3.ap-northeast-1.amazonaws.com/wp-content/uploads/2023/10/23102629/國泰台南產後護理之家.jpg]
[mamiguide.s3.ap-northeast-1.amazonaws.com/wp-content/uploads/2023/10/23104153/珍璽悅產後護理之家.jpg]
[mamiguide.s3.ap-northeast-1.amazonaws.com/wp-content/uploads/2023/10/23104151/聖帝諾產後護理之家.jpg]
[mamiguide.s3.ap-northeast-1.amazonaws.com/wp-content/uploads/2023/10/23122731/紫金堂月子餐.jpg]
[mamiguide.s3.ap-northeast-1.amazonaws.com/wp-content/uploads/2023/10/23122729/廣和月子餐.jpg]
[mamiguide.s3.ap-northeast-1.amazonaws.com/wp-content/uploads/2023/10/23122726/寶媽媽月子餐.jpg]
[mamiguide.s3.ap-northeast-1.amazonaws.com/wp-content/uploads/2023/10/23122724/紫莉津田生機.jpg]
[mamiguide.s3.ap-northeast-1.amazonaws.com/wp-content/uploads/2023/10/23122722/慧馨孕產婦健康諮詢中心.jpg]
[mamiguide.s3.ap-northeast-1.amazonaws.com/wp-content/uploads/2023/10/23122720/品御月子餐.jpg]
[mamiguide.s3.ap-northeast-1.amazonaws.com/wp-content/uploads/2023/10/23122718/福韻養生月子餐.jpg]
[mamiguide.s3.ap-northeast-1.amazonaws.com/wp-content/uploads/2023/10/23123520/壹壹產後護理之家-1.jpg]
[mamiguide.s3.ap-northeast-1.amazonaws.com/wp-content/uploads/2023/10/23123612/大葉產後護理之家.jpg]
[mamiguide.s3.ap-northeast-1.amazonaws.com/wp-content/uploads/2023/10/23123748/璽恩產後護理之家.jpg]
[mamiguide.s3.ap-northeast-1.amazonaws.com/wp-content/uploads/2023/10/23123852/人之初產後護理之家.jpg]
[mamiguide.s3.ap-northeast-1.amazonaws.com/wp-content/uploads/2023/10/23123941/彌月房產後護理之家.jpg]
[mamiguide.s3.ap-northeast-1.amazonaws.com/wp-content/uploads/2023/10/23123939/御兒軒產後護理之家.jpg]
[mamiguide.s3.ap-northeast-1.amazonaws.com/wp-content/uploads/2023/09/24175504/media3-1-1024x852.jpg]
[mamiguide.s3.ap-northeast-1.amazonaws.com/wp-content/uploads/2023/09/24175457/media4-1-1024x679.jpg]
[mamiguide.s3.ap-northeast-1.amazonaws.com/wp-content/uploads/2023/09/24180328/stars.png]
[mamiguide.s3.ap-northeast-1.amazonaws.com/wp-content/uploads/2023/10/22193939/首頁底標-01-1024x205.png]
[mamiguide.com/award/highlights/index.html]
[mamiguide.com/wp-content/uploads/elementor/css/post-3410103ee.css]
[mamiguide.com/wp-json/wp/v2/pages/34101.json]
[mamiguide.com/wp-json/oembed/1.0/embed3277.json]
[mamiguide.com/wp-json/oembed/1.0/embedf0ff]
[mamiguide.s3.ap-northeast-1.amazonaws.com/wp-content/uploads/2023/10/22193724/醫療貢獻-01.png]
[mamiguide.s3.ap-northeast-1.amazonaws.com/wp-content/uploads/2023/12/20131629/71陳持平-醫師2-01.jpg]
[mamiguide.s3.ap-northeast-1.amazonaws.com/wp-content/uploads/2023/12/20131626/71陳持平-醫師-01.jpg]
[mamiguide.s3.ap-northeast-1.amazonaws.com/wp-content/uploads/2023/12/20131631/72林炫沛-01.jpg]
[mamiguide.s3.ap-northeast-1.amazonaws.com/wp-content/uploads/2023/12/20131634/73蘇俊源-01.jpg]
[mamiguide.s3.ap-northeast-1.amazonaws.com/wp-content/uploads/2023/12/20131636/74孫晨芳-01.jpg]
[mamiguide.s3.ap-northeast-1.amazonaws.com/wp-content/uploads/2023/12/20131642/75陳曉萱-01.jpg]
[mamiguide.s3.ap-northeast-1.amazonaws.com/wp-content/uploads/2023/12/20131644/76林衣陵-01.jpg]
[mamiguide.s3.ap-northeast-1.amazonaws.com/wp-content/uploads/2023/12/20131647/77邱明秀-01.jpg]
[mamiguide.s3.ap-northeast-1.amazonaws.com/wp-content/uploads/2023/12/20131650/78蔡宜潔-01.jpg]
[mamiguide.s3.ap-northeast-1.amazonaws.com/wp-content/uploads/2023/12/20131652/79高美玲-01.jpg]
[mamiguide.s3.ap-northeast-1.amazonaws.com/wp-content/uploads/2023/12/20131655/80黃秋艷-01.jpg]
[mamiguide.s3.ap-northeast-1.amazonaws.com/wp-content/uploads/2023/12/20131658/81朱正英-01.jpg]
[mamiguide.s3.ap-northeast-1.amazonaws.com/wp-content/uploads/2023/12/20131701/82周雅瑩-01.jpg]
[mamiguide.s3.ap-northeast-1.amazonaws.com/wp-content/uploads/2023/12/20131703/83林美鳳-01.jpg]
[mamiguide.s3.ap-northeast-1.amazonaws.com/wp-content/uploads/2023/12/25113346/佩萱-1-1.jpg]
[mamiguide.s3.ap-northeast-1.amazonaws.com/wp-content/uploads/2023/12/20131709/85趙蕙鈴-01.jpg]
[mamiguide.s3.ap-northeast-1.amazonaws.com/wp-content/uploads/2023/12/20131712/86陳金明-01.jpg]
[mamiguide.s3.ap-northeast-1.amazonaws.com/wp-content/uploads/2023/10/22193726/優質品牌-01.png]
[mamiguide.s3.ap-northeast-1.amazonaws.com/wp-content/uploads/2023/12/20143425/2長881mm-X-高456mm-01.jpg]
[mamiguide.s3.ap-northeast-1.amazonaws.com/wp-content/uploads/2023/12/20143358/2長625mm-X-高465mm-01.jpg]
[mamiguide.s3.ap-northeast-1.amazonaws.com/wp-content/uploads/2023/12/20143550/3長881mm-X-高456mm-01.jpg]
[mamiguide.s3.ap-northeast-1.amazonaws.com/wp-content/uploads/2023/12/20143548/3長625mm-X-高465mm-01.jpg]
[mamiguide.s3.ap-northeast-1.amazonaws.com/wp-content/uploads/2023/12/20143656/4長881mm-X-高456mm-01.jpg]
[mamiguide.s3.ap-northeast-1.amazonaws.com/wp-content/uploads/2023/12/20143654/4長625mm-X-高465mm-01.jpg]
[mamiguide.s3.ap-northeast-1.amazonaws.com/wp-content/uploads/2023/12/20143553/5長625mm-X-高465mm-01.jpg]
[mamiguide.s3.ap-northeast-1.amazonaws.com/wp-content/uploads/2023/12/20143555/5長881mm-X-高456mm-01.jpg]
[mamiguide.s3.ap-northeast-1.amazonaws.com/wp-content/uploads/2023/12/20143435/6長881mm-X-高456mm-01.jpg]
[mamiguide.s3.ap-northeast-1.amazonaws.com/wp-content/uploads/2023/12/20143432/6長625mm-X-高465mm-01.jpg]
[mamiguide.s3.ap-northeast-1.amazonaws.com/wp-content/uploads/2023/12/20143658/7長625mm-X-高465mm-01.jpg]
[mamiguide.s3.ap-northeast-1.amazonaws.com/wp-content/uploads/2023/12/20143701/7長881mm-X-高456mm-01.jpg]
[mamiguide.s3.ap-northeast-1.amazonaws.com/wp-content/uploads/2023/12/20143600/8長881mm-X-高456mm-01.jpg]
[mamiguide.s3.ap-northeast-1.amazonaws.com/wp-content/uploads/2023/12/20143558/8長625mm-X-高465mm-01.jpg]
[mamiguide.s3.ap-northeast-1.amazonaws.com/wp-content/uploads/2023/12/20143703/9長625mm-X-高465mm-01.jpg]
[mamiguide.s3.ap-northeast-1.amazonaws.com/wp-content/uploads/2023/12/20145703/9長881mm-X-高456mm-01.jpg]
[mamiguide.s3.ap-northeast-1.amazonaws.com/wp-content/uploads/2023/12/20143603/10長881mm-X-高456mm-01.jpg]
[mamiguide.s3.ap-northeast-1.amazonaws.com/wp-content/uploads/2023/12/20143543/10長625mm-X-高465mm-01.jpg]
[mamiguide.s3.ap-northeast-1.amazonaws.com/wp-content/uploads/2023/12/20143709/11長625mm-X-高465mm-01.jpg]
[mamiguide.s3.ap-northeast-1.amazonaws.com/wp-content/uploads/2023/12/20143711/11長881mm-X-高456mm-01.jpg]
[mamiguide.s3.ap-northeast-1.amazonaws.com/wp-content/uploads/2023/12/20143605/12長881mm-X-高456mm-01.jpg]
[mamiguide.s3.ap-northeast-1.amazonaws.com/wp-content/uploads/2023/12/20143401/12長625mm-X-高465mm-01.jpg]
[mamiguide.s3.ap-northeast-1.amazonaws.com/wp-content/uploads/2023/12/20143716/13長881mm-X-高456mm-01.jpg]
[mamiguide.s3.ap-northeast-1.amazonaws.com/wp-content/uploads/2023/12/20143714/13長625mm-X-高465mm-01.jpg]
[mamiguide.s3.ap-northeast-1.amazonaws.com/wp-content/uploads/2023/12/20143610/14長881mm-X-高456mm-01.jpg]
[mamiguide.s3.ap-northeast-1.amazonaws.com/wp-content/uploads/2023/12/20143608/14長625mm-X-高465mm-01.jpg]
[mamiguide.s3.ap-northeast-1.amazonaws.com/wp-content/uploads/2023/12/20143620/15長881mm-X-高456mm-01.jpg]
[mamiguide.s3.ap-northeast-1.amazonaws.com/wp-content/uploads/2023/12/20143617/15長625mm-X-高465mm-01.jpg]
[mamiguide.s3.ap-northeast-1.amazonaws.com/wp-content/uploads/2023/12/20143441/16長881mm-X-高456mm-01.jpg]
[mamiguide.s3.ap-northeast-1.amazonaws.com/wp-content/uploads/2023/12/20143438/16長625mm-X-高465mm-01.jpg]
[mamiguide.s3.ap-northeast-1.amazonaws.com/wp-content/uploads/2023/12/20143404/17長625mm-X-高465mm-01.jpg]
[mamiguide.s3.ap-northeast-1.amazonaws.com/wp-content/uploads/2023/12/20143406/17長881mm-X-高456mm-01.jpg]
[mamiguide.s3.ap-northeast-1.amazonaws.com/wp-content/uploads/2023/12/20143722/18長881mm-X-高456mm-01.jpg]
[mamiguide.s3.ap-northeast-1.amazonaws.com/wp-content/uploads/2023/12/20143623/19長625mm-X-高465mm-01.jpg]
[mamiguide.s3.ap-northeast-1.amazonaws.com/wp-content/uploads/2023/12/20143724/19長881mm-X-高456mm-01.jpg]
[mamiguide.s3.ap-northeast-1.amazonaws.com/wp-content/uploads/2023/12/20143729/20長881mm-X-高456mm-01.jpg]
[mamiguide.s3.ap-northeast-1.amazonaws.com/wp-content/uploads/2023/12/20143727/20長625mm-X-高465mm-01.jpg]
[mamiguide.s3.ap-northeast-1.amazonaws.com/wp-content/uploads/2023/12/20143732/21長625mm-X-高465mm-01.jpg]
[mamiguide.s3.ap-northeast-1.amazonaws.com/wp-content/uploads/2023/12/20143635/21長881mm-X-高456mm-01.jpg]
[mamiguide.s3.ap-northeast-1.amazonaws.com/wp-content/uploads/2023/12/20143444/22長625mm-X-高465mm-01.jpg]
[mamiguide.s3.ap-northeast-1.amazonaws.com/wp-content/uploads/2023/12/20143641/23長881mm-X-高456mm-01.jpg]
[mamiguide.s3.ap-northeast-1.amazonaws.com/wp-content/uploads/2023/12/20143638/23長625mm-X-高465mm-01.jpg]
[mamiguide.s3.ap-northeast-1.amazonaws.com/wp-content/uploads/2023/12/20143735/24長625mm-X-高465mm-01.jpg]
[mamiguide.s3.ap-northeast-1.amazonaws.com/wp-content/uploads/2023/12/20143737/24長881mm-X-高456mm-01.jpg]
[mamiguide.s3.ap-northeast-1.amazonaws.com/wp-content/uploads/2023/12/20143628/25長881mm-X-高456mm-01.jpg]
[mamiguide.s3.ap-northeast-1.amazonaws.com/wp-content/uploads/2023/12/20143625/25長625mm-X-高465mm-01.jpg]
[mamiguide.s3.ap-northeast-1.amazonaws.com/wp-content/uploads/2023/12/20143454/26長881mm-X-高456mm-01.jpg]
[mamiguide.s3.ap-northeast-1.amazonaws.com/wp-content/uploads/2023/12/20143451/26長625mm-X-高465mm-01.jpg]
[mamiguide.s3.ap-northeast-1.amazonaws.com/wp-content/uploads/2023/12/20154636/27長881mm-X-高456mm-01.jpg]
[mamiguide.s3.ap-northeast-1.amazonaws.com/wp-content/uploads/2023/12/20154639/27長625mm-X-高465mm-01.jpg]
[mamiguide.s3.ap-northeast-1.amazonaws.com/wp-content/uploads/2023/12/20143412/28長881mm-X-高456mm-01.jpg]
[mamiguide.s3.ap-northeast-1.amazonaws.com/wp-content/uploads/2023/12/20143409/28長625mm-X-高465mm-01.jpg]
[mamiguide.s3.ap-northeast-1.amazonaws.com/wp-content/uploads/2023/12/20143613/29長625mm-X-高465mm-01.jpg]
[mamiguide.s3.ap-northeast-1.amazonaws.com/wp-content/uploads/2023/12/20143546/29長881mm-X-高456mm-01.jpg]
[mamiguide.s3.ap-northeast-1.amazonaws.com/wp-content/uploads/2023/12/20143457/30長625mm-X-高465mm-01.jpg]
[mamiguide.s3.ap-northeast-1.amazonaws.com/wp-content/uploads/2023/12/20143500/30長881mm-X-高456mm-01.jpg]
[mamiguide.s3.ap-northeast-1.amazonaws.com/wp-content/uploads/2023/12/20143740/31長625mm-X-高465mm-01.jpg]
[mamiguide.s3.ap-northeast-1.amazonaws.com/wp-content/uploads/2023/12/20143643/31長881mm-X-高456mm-01.jpg]
[mamiguide.s3.ap-northeast-1.amazonaws.com/wp-content/uploads/2023/12/20143531/32長625mm-X-高465mm-01.jpg]
[mamiguide.s3.ap-northeast-1.amazonaws.com/wp-content/uploads/2023/12/20143503/32長881mm-X-高456mm-01.jpg]
[mamiguide.s3.ap-northeast-1.amazonaws.com/wp-content/uploads/2023/12/20143506/33長881mm-X-高456mm-01.jpg]
[mamiguide.s3.ap-northeast-1.amazonaws.com/wp-content/uploads/2023/12/20143646/33長625mm-X-高465mm.jpg]
[mamiguide.s3.ap-northeast-1.amazonaws.com/wp-content/uploads/2023/12/20143651/34長881mm-X-高456mm.jpg]
[mamiguide.s3.ap-northeast-1.amazonaws.com/wp-content/uploads/2023/12/20143648/34長625mm-X-高465mm-01.jpg]
[mamiguide.s3.ap-northeast-1.amazonaws.com/wp-content/uploads/2023/12/20143615/35長881mm-X-高456mm-01.jpg]
[mamiguide.s3.ap-northeast-1.amazonaws.com/wp-content/uploads/2023/12/20143533/35長625mm-X-高465mm-01.jpg]
[mamiguide.s3.ap-northeast-1.amazonaws.com/wp-content/uploads/2023/12/20143745/36長881mm-X-高456mm-01.jpg]
[mamiguide.s3.ap-northeast-1.amazonaws.com/wp-content/uploads/2023/12/20143742/36長625mm-X-高465mm-01.jpg]
[mamiguide.s3.ap-northeast-1.amazonaws.com/wp-content/uploads/2023/12/20143535/37長625mm-X-高465mm-01.jpg]
[mamiguide.s3.ap-northeast-1.amazonaws.com/wp-content/uploads/2023/12/20143630/37長881mm-X-高456mm-01.jpg]
[mamiguide.s3.ap-northeast-1.amazonaws.com/wp-content/uploads/2023/12/20143632/38長881mm-X-高456mm-01.jpg]
[mamiguide.s3.ap-northeast-1.amazonaws.com/wp-content/uploads/2023/12/20143509/38長625mm-X-高465mm-01.jpg]
[mamiguide.s3.ap-northeast-1.amazonaws.com/wp-content/uploads/2023/12/20143511/39長625mm-X-高465mm-01.jpg]
[mamiguide.s3.ap-northeast-1.amazonaws.com/wp-content/uploads/2023/12/20143514/39長881mm-X-高456mm-01.jpg]
[mamiguide.s3.ap-northeast-1.amazonaws.com/wp-content/uploads/2023/12/20143516/40長625mm-X-高465mm-01.jpg]
[mamiguide.s3.ap-northeast-1.amazonaws.com/wp-content/uploads/2023/12/20143518/40長881mm-X-高456mm-01.jpg]
[mamiguide.s3.ap-northeast-1.amazonaws.com/wp-content/uploads/2023/12/20143541/41長881mm-X-高456mm-01.jpg]
[mamiguide.s3.ap-northeast-1.amazonaws.com/wp-content/uploads/2023/12/20143538/41長625mm-X-高465mm-01.jpg]
[mamiguide.s3.ap-northeast-1.amazonaws.com/wp-content/uploads/2023/12/20143522/42長881mm-X-高456mm-01.jpg]
[mamiguide.s3.ap-northeast-1.amazonaws.com/wp-content/uploads/2023/12/20162843/42長625mm-X-高465mm-01.jpg]
[mamiguide.s3.ap-northeast-1.amazonaws.com/wp-content/uploads/2023/12/20143422/45長881mm-X-高456mm-01.jpg]
[mamiguide.s3.ap-northeast-1.amazonaws.com/wp-content/uploads/2023/12/20143420/45長625mm-X-高465mm-01.jpg]
[mamiguide.s3.ap-northeast-1.amazonaws.com/wp-content/uploads/2023/12/20143427/43長881mm-X-高456mm-01.jpg]
[mamiguide.s3.ap-northeast-1.amazonaws.com/wp-content/uploads/2023/12/20143525/43長625mm-X-高465mm-01.jpg]
[mamiguide.s3.ap-northeast-1.amazonaws.com/wp-content/uploads/2023/12/20143414/44長625mm-X-高465mm-01.jpg]
[mamiguide.s3.ap-northeast-1.amazonaws.com/wp-content/uploads/2023/12/20143417/44長881mm-X-高456mm-01.jpg]
[mamiguide.s3.ap-northeast-1.amazonaws.com/wp-content/uploads/2023/12/20143528/46長881mm-X-高456mm-01.jpg]
[mamiguide.s3.ap-northeast-1.amazonaws.com/wp-content/uploads/2023/12/20143430/46長625mm-X-高465mm-01.jpg]
[mamiguide.s3.ap-northeast-1.amazonaws.com/wp-content/uploads/2023/10/22193722/產後護理-01.png]
[mamiguide.s3.ap-northeast-1.amazonaws.com/wp-content/uploads/2023/12/20165441/47長881mm-X-高456mm-01.jpg]
[mamiguide.s3.ap-northeast-1.amazonaws.com/wp-content/uploads/2023/12/20165439/47長625mm-X-高465mm-01.jpg]
[mamiguide.s3.ap-northeast-1.amazonaws.com/wp-content/uploads/2023/12/20165446/48長881mm-X-高456mm-01.jpg]
[mamiguide.s3.ap-northeast-1.amazonaws.com/wp-content/uploads/2023/12/20165444/48長625mm-X-高465mm-01.jpg]
[mamiguide.s3.ap-northeast-1.amazonaws.com/wp-content/uploads/2023/12/20165452/49長881mm-X-高456mm-01.jpg]
[mamiguide.s3.ap-northeast-1.amazonaws.com/wp-content/uploads/2023/12/20165449/49長625mm-X-高465mm-01.jpg]
[mamiguide.s3.ap-northeast-1.amazonaws.com/wp-content/uploads/2023/12/20165457/50長881mm-X-高456mm-01.jpg]
[mamiguide.s3.ap-northeast-1.amazonaws.com/wp-content/uploads/2023/12/20165454/50長625mm-X-高465mm-01.jpg]
[mamiguide.s3.ap-northeast-1.amazonaws.com/wp-content/uploads/2023/12/20170315/51長881mm-X-高456mm-01.jpg]
[mamiguide.s3.ap-northeast-1.amazonaws.com/wp-content/uploads/2023/12/20170349/51長625mm-X-高465mm-01.jpg]
[mamiguide.s3.ap-northeast-1.amazonaws.com/wp-content/uploads/2023/12/20170318/52長625mm-X-高465mm-01.jpg]
[mamiguide.s3.ap-northeast-1.amazonaws.com/wp-content/uploads/2023/12/20170321/52長881mm-X-高456mm-01.jpg]
[mamiguide.s3.ap-northeast-1.amazonaws.com/wp-content/uploads/2023/12/20170323/53長625mm-X-高465mm-01.jpg]
[mamiguide.s3.ap-northeast-1.amazonaws.com/wp-content/uploads/2023/12/20170351/53長881mm-X-高456mm-01.jpg]
[mamiguide.s3.ap-northeast-1.amazonaws.com/wp-content/uploads/2023/12/20170328/54長881mm-X-高456mm-01.jpg]
[mamiguide.s3.ap-northeast-1.amazonaws.com/wp-content/uploads/2023/12/20170326/54長625mm-X-高465mm-01.jpg]
[mamiguide.s3.ap-northeast-1.amazonaws.com/wp-content/uploads/2023/12/20170354/55長625mm-X-高465mm-01.jpg]
[mamiguide.s3.ap-northeast-1.amazonaws.com/wp-content/uploads/2023/12/20170331/55長881mm-X-高456mm-01.jpg]
[mamiguide.s3.ap-northeast-1.amazonaws.com/wp-content/uploads/2023/12/20170333/56長625mm-X-高465mm-01.jpg]
[mamiguide.s3.ap-northeast-1.amazonaws.com/wp-content/uploads/2023/12/20170336/56長881mm-X-高456mm-01.jpg]
[mamiguide.s3.ap-northeast-1.amazonaws.com/wp-content/uploads/2023/12/20170342/57長881mm-X-高456mm-01.jpg]
[mamiguide.s3.ap-northeast-1.amazonaws.com/wp-content/uploads/2023/12/20170339/57長625mm-X-高465mm-01.jpg]
[mamiguide.s3.ap-northeast-1.amazonaws.com/wp-content/uploads/2023/12/20170346/58長881mm-X-高456mm-01.jpg]
[mamiguide.s3.ap-northeast-1.amazonaws.com/wp-content/uploads/2023/12/20170344/58長625mm-X-高465mm-01.jpg]
[mamiguide.s3.ap-northeast-1.amazonaws.com/wp-content/uploads/2023/12/20165502/59長881mm-X-高456mm-01.jpg]
[mamiguide.s3.ap-northeast-1.amazonaws.com/wp-content/uploads/2023/12/20165459/59長625mm-X-高465mm-01.jpg]
[mamiguide.s3.ap-northeast-1.amazonaws.com/wp-content/uploads/2023/12/20165508/60長881mm-X-高456mm-01.jpg]
[mamiguide.s3.ap-northeast-1.amazonaws.com/wp-content/uploads/2023/12/20165504/60長625mm-X-高465mm-01.jpg]
[mamiguide.s3.ap-northeast-1.amazonaws.com/wp-content/uploads/2023/12/20165511/61長625mm-X-高465mm-01.jpg]
[mamiguide.s3.ap-northeast-1.amazonaws.com/wp-content/uploads/2023/12/20165514/61長881mm-X-高456mm-01.jpg]
[mamiguide.s3.ap-northeast-1.amazonaws.com/wp-content/uploads/2023/12/20165519/62長881mm-X-高456mm-01.jpg]
[mamiguide.s3.ap-northeast-1.amazonaws.com/wp-content/uploads/2023/12/20165516/62長625mm-X-高465mm-01.jpg]
[mamiguide.s3.ap-northeast-1.amazonaws.com/wp-content/uploads/2023/12/20165522/63長625mm-X-高465mm-01.jpg]
[mamiguide.s3.ap-northeast-1.amazonaws.com/wp-content/uploads/2023/12/20165524/63長881mm-X-高456mm-01.jpg]
[mamiguide.s3.ap-northeast-1.amazonaws.com/wp-content/uploads/2023/12/21054856/64長625mm-X-高465mm-01.jpg]
[mamiguide.s3.ap-northeast-1.amazonaws.com/wp-content/uploads/2023/12/21054859/64長881mm-X-高456mm-01.jpg]
[mamiguide.s3.ap-northeast-1.amazonaws.com/wp-content/uploads/2023/12/21054902/65長625mm-X-高465mm-01.jpg]
[mamiguide.s3.ap-northeast-1.amazonaws.com/wp-content/uploads/2023/12/21054905/65長881mm-X-高456mm-01.jpg]
[mamiguide.s3.ap-northeast-1.amazonaws.com/wp-content/uploads/2023/12/21054910/66長881mm-X-高456mm-01.jpg]
[mamiguide.s3.ap-northeast-1.amazonaws.com/wp-content/uploads/2023/12/21054907/66長625mm-X-高465mm-01.jpg]
[mamiguide.s3.ap-northeast-1.amazonaws.com/wp-content/uploads/2023/12/21054913/67長625mm-X-高465mm-01.jpg]
[mamiguide.s3.ap-northeast-1.amazonaws.com/wp-content/uploads/2023/12/21054916/67長881mm-X-高456mm-01.jpg]
[mamiguide.s3.ap-northeast-1.amazonaws.com/wp-content/uploads/2023/12/21054921/68長881mm-X-高456mm-01.jpg]
[mamiguide.s3.ap-northeast-1.amazonaws.com/wp-content/uploads/2023/12/21054919/68長625mm-X-高465mm-01.jpg]
[mamiguide.s3.ap-northeast-1.amazonaws.com/wp-content/uploads/2023/12/21054927/69長881mm-X-高456mm-01.jpg]
[mamiguide.s3.ap-northeast-1.amazonaws.com/wp-content/uploads/2023/12/21054924/69長625mm-X-高465mm-01.jpg]
[mamiguide.s3.ap-northeast-1.amazonaws.com/wp-content/uploads/2023/12/21054933/70長881mm-X-高456mm-01.jpg]
[mamiguide.s3.ap-northeast-1.amazonaws.com/wp-content/uploads/2023/12/21054930/70長625mm-X-高465mm-01.jpg]
[mamiguide.com/award/winners/index.html]
[mamiguide.com/wp-content/uploads/elementor/css/post-341366f13.css]
[mamiguide.com/wp-json/wp/v2/pages/34136.json]
[mamiguide.com/wp-json/oembed/1.0/embed223b.json]
[mamiguide.com/wp-json/oembed/1.0/embed3082]
[mamiguide.s3.ap-northeast-1.amazonaws.com/wp-content/uploads/2023/10/23125004/金孕獎LINE_不透明背景.png]
[mamiguide.com/award/contact/index.html]
[mamiguide.com/wp-content/plugins/unlimited-elements-for-elementor-premium/assets_libraries/font-awesome6/fa-brands-400.ttf]
[mamiguide.com/wp-content/plugins/unlimited-elements-for-elementor-premium/assets_libraries/font-awesome6/fa-regular-400.ttf]
[mamiguide.com/wp-content/plugins/unlimited-elements-for-elementor-premium/assets_libraries/font-awesome6/fa-solid-900.ttf]
[mamiguide.com/wp-content/plugins/unlimited-elements-for-elementor-premium/assets_libraries/font-awesome6/fontawesome-all.min.css]
[mamiguide.com/wp-content/plugins/unlimited-elements-for-elementor-premium/assets_libraries/font-awesome6/fontawesome-v4-shims.min.css]
[mamiguide.com/wp-content/plugins/woocommerce/assets/client/blocks/wc-blocks7a01.css]
[mamiguide.com/wp-content/plugins/elementor-pro/assets/css/modules/sticky.min3e3b.css]
[gmpg.org/xfn/default.css]
[gmpg.org/xfn/.html]
[gmpg.org/xfn/intro.html]
[gmpg.org/xfn/faq.html]
[mamiguide.com/wp-content/plugins/deposits-partial-payments-for-woocommerce-pro/assets/images/greentik.svg]
[mamiguide.com/wp-content/themes/listeo/fonts/fa-brands-400.svg]
[mamiguide.com/wp-content/themes/listeo/fonts/fa-regular-400.svg]
[mamiguide.com/wp-content/themes/listeo/fonts/fa-solid-900.svg]
[mamiguide.com/wp-content/themes/listeo/images/plus-icon.svg]
[mamiguide.com/wp-content/themes/listeo/fonts/fontello.svg]
[mamiguide.com/wp-content/images/ajax-loader.html]
[mamiguide.com/wp-content/themes/listeo/images/slider-arrow-grey.svg]
[mamiguide.com/wp-content/themes/listeo/images/slider-arrow.svg]
[mamiguide.com/wp-content/themes/listeo/images/google-reviews-logo.svg]
[mamiguide.com/wp-content/plugins/unlimited-elements-for-elementor-premium/assets_libraries/font-awesome6/fa-v4compatibility.ttf]
[mamiguide.com/wp-content/plugins/elementor/assets/lib/eicons/fonts/eiconsbe76.svg]
[mamiguide.com/wp-content/plugins/elementor/assets/lib/font-awesome/webfonts/fa-solid-900.svg]
[mamiguide.com/wp-content/plugins/elementor/assets/lib/font-awesome/webfonts/fa-brands-400.svg]
[mamiguide.com/wp-content/plugins/elementor/assets/lib/font-awesome/webfonts/fa-regular-400.svg]
[mamiguide.com/wp-content/plugins/elementor/assets/css/widget-heading.min18be.css]
[mamiguide.com/wp-content/plugins/elementor/assets/css/widget-video.min18be.css]
[mamiguide.com/wp-content/uploads/elementor/css/post-340292780.css]
[fonts.googleapis.com/css47f0.css]
[mamiguide.com/index4a16.html]
[mamiguide.com/wp-content/plugins/elementor/assets/lib/animations/styles/fadeInLeft.min18be.css]
[mamiguide.com/wp-content/plugins/elementor/assets/css/widget-icon-box.min18be.css]
[mamiguide.com/wp-content/plugins/elementor/assets/lib/animations/styles/fadeInRight.min18be.css]
[mamiguide.com/wp-content/uploads/elementor/css/post-340485a9a.css]
[mamiguide.com/wp-content/uploads/elementor/css/post-340779df3.css]
[mamiguide.com/award/【2023金孕寶寶票選人氣大賞】限時報名中/index.html]
[mamiguide.com/award/【填問卷抽好禮】2023-孕媽咪懷孕選擇大調查！/index.html]
[mamiguide.com/wp-content/uploads/elementor/css/post-34102110d.css]
[mamiguide.com/wp-content/uploads/elementor/css/post-3410103ee.css]
[mamiguide.com/wp-content/uploads/elementor/css/post-341366f13.css]
[mamiguide.com/wp-content/plugins/unlimited-elements-for-elementor-premium/assets_libraries/font-awesome6/fa-brands-400.html]
[mamiguide.com/wp-content/plugins/unlimited-elements-for-elementor-premium/assets_libraries/font-awesome6/fa-regular-400.html]
[mamiguide.com/wp-content/plugins/unlimited-elements-for-elementor-premium/assets_libraries/font-awesome6/fa-solid-900.html]
[mamiguide.com/wp-content/plugins/unlimited-elements-for-elementor-premium/assets_libraries/font-awesome6/fa-v4compatibility.html]
